
> vite_react_shadcn_ts@0.0.0 build
> vite build

[36mvite v5.4.19 [32mbuilding for production...[36m[39m
transforming...
node.exe : Browserslist: browsers data (caniuse-lite) is 10 months old. Please run:
No C:\Program Files\nodejs\npm.ps1:29 caractere:3
+   & $NODE_EXE $NPM_CLI_JS $args
+   ~~~~~~~~~~~~~~~~~~~~~~~~~~~~~
    + CategoryInfo          : NotSpecified: (Browserslist: b...ld. Please run::String) [], RemoteException
    + FullyQualifiedErrorId : NativeCommandError
 
  npx update-browserslist-db@latest
  Why you should do it regularly: https://github.com/browserslist/update-db#readme
[32mÔ£ô[39m 10 modules transformed.
[31mx[39m Build failed in 1.29s
[31merror during build:
[31m[vite]: Rollup failed to resolve import "@sentry/react" from "C:/Users/guime/OneDrive/├ürea de 
Trabalho/serviciosyalr-main/src/lib/sentry.ts".
This is most likely unintended because it can break your application at runtime.
If you do want to externalize this module explicitly add it to
`build.rollupOptions.external`[31m
    at viteWarn (file:///C:/Users/guime/OneDrive/%C3%81rea%20de%20Trabalho/serviciosyalr-main/node_modules/vite/dist/no
de/chunks/dep-C6uTJdX2.js:65839:17)
    at onwarn (file:///C:/Users/guime/OneDrive/%C3%81rea%20de%20Trabalho/serviciosyalr-main/node_modules/@vitejs/plugin
-react-swc/index.js:90:7)
    at onRollupWarning (file:///C:/Users/guime/OneDrive/%C3%81rea%20de%20Trabalho/serviciosyalr-main/node_modules/vite/
dist/node/chunks/dep-C6uTJdX2.js:65869:5)
    at onwarn (file:///C:/Users/guime/OneDrive/%C3%81rea%20de%20Trabalho/serviciosyalr-main/node_modules/vite/dist/node
/chunks/dep-C6uTJdX2.js:65534:7)
    at file:///C:/Users/guime/OneDrive/%C3%81rea%20de%20Trabalho/serviciosyalr-main/node_modules/rollup/dist/es/shared/
node-entry.js:19393:13
    at Object.logger [as onLog] (file:///C:/Users/guime/OneDrive/%C3%81rea%20de%20Trabalho/serviciosyalr-main/node_modu
les/rollup/dist/es/shared/node-entry.js:21119:9)
    at ModuleLoader.handleInvalidResolvedId (file:///C:/Users/guime/OneDrive/%C3%81rea%20de%20Trabalho/serviciosyalr-ma
in/node_modules/rollup/dist/es/shared/node-entry.js:20008:26)
    at ModuleLoader.resolveDynamicImport (file:///C:/Users/guime/OneDrive/%C3%81rea%20de%20Trabalho/serviciosyalr-main/
node_modules/rollup/dist/es/shared/node-entry.js:20066:58)
    at async file:///C:/Users/guime/OneDrive/%C3%81rea%20de%20Trabalho/serviciosyalr-main/node_modules/rollup/dist/es/s
hared/node-entry.js:19954:32[39m
